create table if not exists `campaign_id_idx`(id bigint, g_advertiser_id bigint, primary key(id)) comment 'vitess_lookup_vindex';
