create table if not exists `accepted_tos_seq`(id int, next_id bigint, cache bigint, primary key(id)) comment 'vitess_sequence';
create table if not exists `campaigns_seq`(id int, next_id bigint, cache bigint, primary key(id)) comment 'vitess_sequence';
